Archive member included to satisfy reference by file (symbol)

/Applications/ArmGNUToolchain/13.2.Rel1/arm-none-eabi/bin/../lib/gcc/arm-none-eabi/13.2.1/thumb/v7e-m/nofp/libgcc.a(_aeabi_uldivmod.o)
                              ./system/src/stm32f4-hal/stm32f4xx_hal_rcc.o (__aeabi_uldivmod)
/Applications/ArmGNUToolchain/13.2.Rel1/arm-none-eabi/bin/../lib/gcc/arm-none-eabi/13.2.1/thumb/v7e-m/nofp/libgcc.a(_udivmoddi4.o)
                              /Applications/ArmGNUToolchain/13.2.Rel1/arm-none-eabi/bin/../lib/gcc/arm-none-eabi/13.2.1/thumb/v7e-m/nofp/libgcc.a(_aeabi_uldivmod.o) (__udivmoddi4)
/Applications/ArmGNUToolchain/13.2.Rel1/arm-none-eabi/bin/../lib/gcc/arm-none-eabi/13.2.1/thumb/v7e-m/nofp/libgcc.a(_dvmd_tls.o)
                              /Applications/ArmGNUToolchain/13.2.Rel1/arm-none-eabi/bin/../lib/gcc/arm-none-eabi/13.2.1/thumb/v7e-m/nofp/libgcc.a(_aeabi_uldivmod.o) (__aeabi_ldiv0)
/Applications/ArmGNUToolchain/13.2.Rel1/arm-none-eabi/bin/../lib/gcc/arm-none-eabi/13.2.1/../../../../arm-none-eabi/lib/thumb/v7e-m/nofp/libg_nano.a(libc_a-vsnprintf.o)
                              ./system/src/diag/trace.o (vsnprintf)
/Applications/ArmGNUToolchain/13.2.Rel1/arm-none-eabi/bin/../lib/gcc/arm-none-eabi/13.2.1/../../../../arm-none-eabi/lib/thumb/v7e-m/nofp/libg_nano.a(libc_a-impure.o)
                              /Applications/ArmGNUToolchain/13.2.Rel1/arm-none-eabi/bin/../lib/gcc/arm-none-eabi/13.2.1/../../../../arm-none-eabi/lib/thumb/v7e-m/nofp/libg_nano.a(libc_a-vsnprintf.o) (_impure_ptr)
/Applications/ArmGNUToolchain/13.2.Rel1/arm-none-eabi/bin/../lib/gcc/arm-none-eabi/13.2.1/../../../../arm-none-eabi/lib/thumb/v7e-m/nofp/libg_nano.a(libc_a-errno.o)
                              ./system/src/newlib/sbrk.o (__errno)
/Applications/ArmGNUToolchain/13.2.Rel1/arm-none-eabi/bin/../lib/gcc/arm-none-eabi/13.2.1/../../../../arm-none-eabi/lib/thumb/v7e-m/nofp/libg_nano.a(libc_a-strlen.o)
                              ./system/src/diag/trace.o (strlen)
/Applications/ArmGNUToolchain/13.2.Rel1/arm-none-eabi/bin/../lib/gcc/arm-none-eabi/13.2.1/../../../../arm-none-eabi/lib/thumb/v7e-m/nofp/libg_nano.a(libc_a-nano-svfprintf.o)
                              /Applications/ArmGNUToolchain/13.2.Rel1/arm-none-eabi/bin/../lib/gcc/arm-none-eabi/13.2.1/../../../../arm-none-eabi/lib/thumb/v7e-m/nofp/libg_nano.a(libc_a-vsnprintf.o) (_svfprintf_r)
/Applications/ArmGNUToolchain/13.2.Rel1/arm-none-eabi/bin/../lib/gcc/arm-none-eabi/13.2.1/../../../../arm-none-eabi/lib/thumb/v7e-m/nofp/libg_nano.a(libc_a-mallocr.o)
                              /Applications/ArmGNUToolchain/13.2.Rel1/arm-none-eabi/bin/../lib/gcc/arm-none-eabi/13.2.1/../../../../arm-none-eabi/lib/thumb/v7e-m/nofp/libg_nano.a(libc_a-nano-svfprintf.o) (_malloc_r)
/Applications/ArmGNUToolchain/13.2.Rel1/arm-none-eabi/bin/../lib/gcc/arm-none-eabi/13.2.1/../../../../arm-none-eabi/lib/thumb/v7e-m/nofp/libg_nano.a(libc_a-nano-vfprintf_i.o)
                              /Applications/ArmGNUToolchain/13.2.Rel1/arm-none-eabi/bin/../lib/gcc/arm-none-eabi/13.2.1/../../../../arm-none-eabi/lib/thumb/v7e-m/nofp/libg_nano.a(libc_a-nano-svfprintf.o) (_printf_i)
/Applications/ArmGNUToolchain/13.2.Rel1/arm-none-eabi/bin/../lib/gcc/arm-none-eabi/13.2.1/../../../../arm-none-eabi/lib/thumb/v7e-m/nofp/libg_nano.a(libc_a-mlock.o)
                              /Applications/ArmGNUToolchain/13.2.Rel1/arm-none-eabi/bin/../lib/gcc/arm-none-eabi/13.2.1/../../../../arm-none-eabi/lib/thumb/v7e-m/nofp/libg_nano.a(libc_a-mallocr.o) (__malloc_lock)
/Applications/ArmGNUToolchain/13.2.Rel1/arm-none-eabi/bin/../lib/gcc/arm-none-eabi/13.2.1/../../../../arm-none-eabi/lib/thumb/v7e-m/nofp/libg_nano.a(libc_a-reallocr.o)
                              /Applications/ArmGNUToolchain/13.2.Rel1/arm-none-eabi/bin/../lib/gcc/arm-none-eabi/13.2.1/../../../../arm-none-eabi/lib/thumb/v7e-m/nofp/libg_nano.a(libc_a-nano-svfprintf.o) (_realloc_r)
/Applications/ArmGNUToolchain/13.2.Rel1/arm-none-eabi/bin/../lib/gcc/arm-none-eabi/13.2.1/../../../../arm-none-eabi/lib/thumb/v7e-m/nofp/libg_nano.a(libc_a-memmove.o)
                              /Applications/ArmGNUToolchain/13.2.Rel1/arm-none-eabi/bin/../lib/gcc/arm-none-eabi/13.2.1/../../../../arm-none-eabi/lib/thumb/v7e-m/nofp/libg_nano.a(libc_a-nano-svfprintf.o) (memmove)
/Applications/ArmGNUToolchain/13.2.Rel1/arm-none-eabi/bin/../lib/gcc/arm-none-eabi/13.2.1/../../../../arm-none-eabi/lib/thumb/v7e-m/nofp/libg_nano.a(libc_a-sbrkr.o)
                              /Applications/ArmGNUToolchain/13.2.Rel1/arm-none-eabi/bin/../lib/gcc/arm-none-eabi/13.2.1/../../../../arm-none-eabi/lib/thumb/v7e-m/nofp/libg_nano.a(libc_a-mallocr.o) (_sbrk_r)
/Applications/ArmGNUToolchain/13.2.Rel1/arm-none-eabi/bin/../lib/gcc/arm-none-eabi/13.2.1/../../../../arm-none-eabi/lib/thumb/v7e-m/nofp/libg_nano.a(libc_a-lock.o)
[...]
Memory Configuration

Name             Origin             Length             Attributes
RAM              0x20000000         0x00020000         xrw
CCMRAM           0x10000000         0x00010000         xrw
FLASH            0x08000000         0x00100000         xr
FLASHB1          0x00000000         0x00000000         xr
EXTMEMB0         0x00000000         0x00000000         xr
EXTMEMB1         0x00000000         0x00000000         xr
EXTMEMB2         0x00000000         0x00000000         xr
EXTMEMB3         0x00000000         0x00000000         xr
MEMORY_ARRAY     0x20002000         0x00000020         xrw
*default*        0x00000000         0xffffffff

Linker script and memory map

LOAD ./system/src/stm32f4-hal/stm32f4xx_hal.o
LOAD ./system/src/stm32f4-hal/stm32f4xx_hal_cortex.o
LOAD ./system/src/stm32f4-hal/stm32f4xx_hal_flash.o
LOAD ./system/src/stm32f4-hal/stm32f4xx_hal_flash_ex.o
LOAD ./system/src/stm32f4-hal/stm32f4xx_hal_flash_ramfunc.o
LOAD ./system/src/stm32f4-hal/stm32f4xx_hal_gpio.o
LOAD ./system/src/stm32f4-hal/stm32f4xx_hal_iwdg.o
LOAD ./system/src/stm32f4-hal/stm32f4xx_hal_pwr.o
LOAD ./system/src/stm32f4-hal/stm32f4xx_hal_rcc.o
LOAD ./system/src/newlib/assert.o
LOAD ./system/src/newlib/exit.o
LOAD ./system/src/newlib/sbrk.o
LOAD ./system/src/newlib/startup.o
LOAD ./system/src/newlib/syscalls.o
LOAD ./system/src/diag/trace-impl.o
LOAD ./system/src/diag/trace.o
LOAD ./system/src/cortexm/exception-handlers.o
LOAD ./system/src/cortexm/initialize-hardware.o
LOAD ./system/src/cortexm/reset-hardware.o
LOAD ./system/src/cmsis/system_stm32f4xx.o
LOAD ./system/src/cmsis/vectors_stm32f407xx.o
LOAD ./src/initialize-hardware.o
LOAD ./src/main.o
LOAD ./src/pro_timer.o
LOAD ./src/stm32f4xx_hal_msp.o
LOAD ./src/timer.o
LOAD ./src/write.o
LOAD /Applications/ArmGNUToolchain/13.2.Rel1/arm-none-eabi/bin/../lib/gcc/arm-none-eabi/13.2.1/../../../../arm-none-eabi/lib/thumb/v7e-m/nofp/libstdc++_nano.a
LOAD /Applications/ArmGNUToolchain/13.2.Rel1/arm-none-eabi/bin/../lib/gcc/arm-none-eabi/13.2.1/../../../../arm-none-eabi/lib/thumb/v7e-m/nofp/libm.a
START GROUP
LOAD /Applications/ArmGNUToolchain/13.2.Rel1/arm-none-eabi/bin/../lib/gcc/arm-none-eabi/13.2.1/thumb/v7e-m/nofp/libgcc.a
LOAD /Applications/ArmGNUToolchain/13.2.Rel1/arm-none-eabi/bin/../lib/gcc/arm-none-eabi/13.2.1/../../../../arm-none-eabi/lib/thumb/v7e-m/nofp/libg_nano.a
LOAD /Applications/ArmGNUToolchain/13.2.Rel1/arm-none-eabi/bin/../lib/gcc/arm-none-eabi/13.2.1/../../../../arm-none-eabi/lib/thumb/v7e-m/nofp/libc_nano.a
END GROUP
START GROUP
LOAD /Applications/ArmGNUToolchain/13.2.Rel1/arm-none-eabi/bin/../lib/gcc/arm-none-eabi/13.2.1/thumb/v7e-m/nofp/libgcc.a
LOAD /Applications/ArmGNUToolchain/13.2.Rel1/arm-none-eabi/bin/../lib/gcc/arm-none-eabi/13.2.1/../../../../arm-none-eabi/lib/thumb/v7e-m/nofp/libc_nano.a
END GROUP
                0x20020000                        __stack = (ORIGIN (RAM) + LENGTH (RAM))
                0x20020000                        _estack = __stack
                0x00000400                        __Main_Stack_Size = 0x400
                [!provide]                        PROVIDE (_Main_Stack_Size = __Main_Stack_Size)
                0x2001fc00                        __Main_Stack_Limit = (__stack - __Main_Stack_Size)
                [!provide]                        PROVIDE (_Main_Stack_Limit = __Main_Stack_Limit)
                0x00000100                        _Minimum_Stack_Size = 0x100
                0x20000120                        PROVIDE (_Heap_Begin = _end_noinit)
                0x2001fc00                        PROVIDE (_Heap_Limit = (__stack - __Main_Stack_Size))

.isr_vector     0x08000000      0x3e8
 FILL mask 0xff
                0x08000000                        __vectors_start = ABSOLUTE (.)
                0x08000000                        __vectors_start__ = ABSOLUTE (.)
 *(.isr_vector)
 .isr_vector    0x08000000      0x188 ./system/src/cmsis/vectors_stm32f407xx.o
                0x08000000                __isr_vectors
 *(.cfmconfig)
 *(.after_vectors .after_vectors.*)
 .after_vectors
                0x08000188      0x130 ./system/src/newlib/startup.o
                0x08000188                _start
 .after_vectors
                0x080002b8      0x12c ./system/src/cortexm/exception-handlers.o
                0x080002b8                Reset_Handler
                0x080002be                NMI_Handler
                0x080002c2                HardFault_Handler
                0x080002d6                HardFault_Handler_C
                0x08000334                MemManage_Handler
                0x08000338                BusFault_Handler
                0x0800034c                BusFault_Handler_C
                0x08000380                UsageFault_Handler
                0x08000394                UsageFault_Handler_C
                0x080003c8                SVC_Handler
                0x080003cc                DebugMon_Handler
                0x080003d0                PendSV_Handler
 .after_vectors
                0x080003e4        0x4 ./system/src/cmsis/vectors_stm32f407xx.o
                0x080003e4                DMA1_Stream3_IRQHandler
                0x080003e4                HASH_RNG_IRQHandler
                0x080003e4                EXTI2_IRQHandler
                0x080003e4                TIM8_CC_IRQHandler
                0x080003e4                TIM1_CC_IRQHandler
                0x080003e4                DMA2_Stream5_IRQHandler
                0x080003e4                DMA1_Stream5_IRQHandler
                0x080003e4                PVD_IRQHandler
                0x080003e4                SDIO_IRQHandler
                0x080003e4                TAMP_STAMP_IRQHandler
                0x080003e4                CAN2_RX1_IRQHandler
                0x080003e4                EXTI3_IRQHandler
                0x080003e4                TIM8_TRG_COM_TIM14_IRQHandler
                0x080003e4                TIM1_UP_TIM10_IRQHandler
                0x080003e4                TIM8_UP_TIM13_IRQHandler
                0x080003e4                I2C3_ER_IRQHandler
                0x080003e4                EXTI0_IRQHandler
                0x080003e4                I2C2_EV_IRQHandler
                0x080003e4                DMA1_Stream2_IRQHandler
                0x080003e4                CAN1_RX0_IRQHandler
                0x080003e4                FPU_IRQHandler
                0x080003e4                OTG_HS_WKUP_IRQHandler
                0x080003e4                CAN2_SCE_IRQHandler
                0x080003e4                DMA2_Stream2_IRQHandler
                0x080003e4                SPI1_IRQHandler
                0x080003e4                TIM6_DAC_IRQHandler
                0x080003e4                TIM1_BRK_TIM9_IRQHandler
                0x080003e4                DCMI_IRQHandler
                0x080003e4                CAN2_RX0_IRQHandler
                0x080003e4                DMA2_Stream3_IRQHandler
                0x080003e4                USART6_IRQHandler
                0x080003e4                USART3_IRQHandler
                0x080003e4                CAN1_RX1_IRQHandler
                0x080003e4                UART5_IRQHandler
                0x080003e4                DMA2_Stream0_IRQHandler
                0x080003e4                TIM4_IRQHandler
                0x080003e4                I2C1_EV_IRQHandler
                0x080003e4                DMA1_Stream6_IRQHandler
                0x080003e4                DMA1_Stream1_IRQHandler
                0x080003e4                UART4_IRQHandler
                0x080003e4                TIM3_IRQHandler
                0x080003e4                RCC_IRQHandler
                0x080003e4                TIM8_BRK_TIM12_IRQHandler
                0x080003e4                Default_Handler
                0x080003e4                EXTI15_10_IRQHandler
                0x080003e4                ADC_IRQHandler
                0x080003e4                DMA1_Stream7_IRQHandler
                0x080003e4                TIM7_IRQHandler
                0x080003e4                CAN2_TX_IRQHandler
                0x080003e4                TIM5_IRQHandler
                0x080003e4                DMA2_Stream7_IRQHandler
                0x080003e4                I2C3_EV_IRQHandler
                0x080003e4                EXTI9_5_IRQHandler
                0x080003e4                RTC_WKUP_IRQHandler
                0x080003e4                ETH_WKUP_IRQHandler
                0x080003e4                SPI2_IRQHandler
                0x080003e4                OTG_HS_EP1_IN_IRQHandler
                0x080003e4                DMA1_Stream0_IRQHandler
                0x080003e4                CAN1_TX_IRQHandler
                0x080003e4                EXTI4_IRQHandler
                0x080003e4                ETH_IRQHandler
                0x080003e4                OTG_HS_EP1_OUT_IRQHandler
                0x080003e4                WWDG_IRQHandler
                0x080003e4                TIM2_IRQHandler
                0x080003e4                OTG_FS_WKUP_IRQHandler
                0x080003e4                TIM1_TRG_COM_TIM11_IRQHandler
                0x080003e4                OTG_HS_IRQHandler
                0x080003e4                EXTI1_IRQHandler
                0x080003e4                USART2_IRQHandler
                0x080003e4                I2C2_ER_IRQHandler
                0x080003e4                DMA2_Stream1_IRQHandler
                0x080003e4                CAN1_SCE_IRQHandler
                0x080003e4                FLASH_IRQHandler
                0x080003e4                DMA2_Stream4_IRQHandler
                0x080003e4                USART1_IRQHandler
                0x080003e4                OTG_FS_IRQHandler
                0x080003e4                SPI3_IRQHandler
                0x080003e4                DMA1_Stream4_IRQHandler
                0x080003e4                I2C1_ER_IRQHandler
                0x080003e4                FMC_IRQHandler
                0x080003e4                DMA2_Stream6_IRQHandler
                0x080003e4                RTC_Alarm_IRQHandler

.inits          0x080003e8       0x28
                0x080003e8                        __data_regions_array_start = .
                0x080003e8        0x4 LONG 0x80023e0 LOADADDR (.data)
                0x080003ec        0x4 LONG 0x20000000 ADDR (.data)
                0x080003f0        0x4 LONG 0x2000006c (ADDR (.data) + SIZEOF (.data))
                0x080003f4        0x4 LONG 0x80023e0 LOADADDR (.data_CCMRAM)
                0x080003f8        0x4 LONG 0x10000000 ADDR (.data_CCMRAM)
                0x080003fc        0x4 LONG 0x10000000 (ADDR (.data_CCMRAM) + SIZEOF (.data_CCMRAM))
                0x08000400                        __data_regions_array_end = .
                0x08000400                        __bss_regions_array_start = .
                0x08000400        0x4 LONG 0x2000006c ADDR (.bss)
                0x08000404        0x4 LONG 0x20000120 (ADDR (.bss) + SIZEOF (.bss))
                0x08000408        0x4 LONG 0x10000000 ADDR (.bss_CCMRAM)
                0x0800040c        0x4 LONG 0x10000000 (ADDR (.bss_CCMRAM) + SIZEOF (.bss_CCMRAM))
                0x08000410                        __bss_regions_array_end = .
 *(.init)
 *(.fini)
                0x08000410                        . = ALIGN (0x4)
                0x08000410                        PROVIDE (__preinit_array_start = .)
 *(.preinit_array_sysinit .preinit_array_sysinit.*)
 *(.preinit_array_platform .preinit_array_platform.*)
 *(.preinit_array .preinit_array.*)
                0x08000410                        PROVIDE (__preinit_array_end = .)
                0x08000410                        . = ALIGN (0x4)
                0x08000410                        PROVIDE (__init_array_start = .)
 *(SORT_BY_NAME(.init_array.*))
 *(.init_array)
                0x08000410                        PROVIDE (__init_array_end = .)
                0x08000410                        . = ALIGN (0x4)
                0x08000410                        PROVIDE (__fini_array_start = .)
 *(SORT_BY_NAME(.fini_array.*))
 *(.fini_array)
                0x08000410                        PROVIDE (__fini_array_end = .)

.flashtext
 *(.flashtext .flashtext.*)

.text           0x08000410     0x1fc8
 *(.text .text.*)
 .text.HAL_InitTick
                0x08000410       0x4c ./system/src/stm32f4-hal/stm32f4xx_hal.o
                0x08000410                HAL_InitTick
 .text.HAL_Init
                0x0800045c       0x34 ./system/src/stm32f4-hal/stm32f4xx_hal.o
                0x0800045c                HAL_Init
 .text.HAL_GetTick
                0x08000490        0xc ./system/src/stm32f4-hal/stm32f4xx_hal.o
                0x08000490                HAL_GetTick
 .text.__NVIC_SetPriority
                0x0800049c       0x28 ./system/src/stm32f4-hal/stm32f4xx_hal_cortex.o
 .text.NVIC_EncodePriority
                0x080004c4       0x3e ./system/src/stm32f4-hal/stm32f4xx_hal_cortex.o
 *fill*         0x08000502        0x2 
 .text.HAL_NVIC_SetPriorityGrouping
                0x08000504       0x3c ./system/src/stm32f4-hal/stm32f4xx_hal_cortex.o
                0x08000504                HAL_NVIC_SetPriorityGrouping
 .text.HAL_NVIC_SetPriority
                0x08000540       0x48 ./system/src/stm32f4-hal/stm32f4xx_hal_cortex.o
                0x08000540                HAL_NVIC_SetPriority
 .text.HAL_SYSTICK_Config
                0x08000588       0x28 ./system/src/stm32f4-hal/stm32f4xx_hal_cortex.o
                0x08000588                HAL_SYSTICK_Config
 .text.HAL_SYSTICK_CLKSourceConfig
                0x080005b0       0x34 ./system/src/stm32f4-hal/stm32f4xx_hal_cortex.o
                0x080005b0                HAL_SYSTICK_CLKSourceConfig
 .text.HAL_RCC_OscConfig
                0x080005e4      0x4f0 ./system/src/stm32f4-hal/stm32f4xx_hal_rcc.o
                0x080005e4                HAL_RCC_OscConfig
 .text.HAL_RCC_GetSysClockFreq
                0x08000ad4       0xdc ./system/src/stm32f4-hal/stm32f4xx_hal_rcc.o
                0x08000ad4                HAL_RCC_GetSysClockFreq
 .text.HAL_RCC_ClockConfig
                0x08000bb0      0x224 ./system/src/stm32f4-hal/stm32f4xx_hal_rcc.o
                0x08000bb0                HAL_RCC_ClockConfig
 .text.HAL_RCC_GetHCLKFreq
                0x08000dd4        0xc ./system/src/stm32f4-hal/stm32f4xx_hal_rcc.o
                0x08000dd4                HAL_RCC_GetHCLKFreq
 .text._exit    0x08000de0        0x2 ./system/src/newlib/exit.o
                0x08000de0                _exit
 *fill*         0x08000de2        0x2 
 .text._sbrk    0x08000de4       0x44 ./system/src/newlib/sbrk.o
                0x08000de4                _sbrk
 .text.__initialize_args
                0x08000e28       0x10 ./system/src/newlib/syscalls.o
                0x08000e28                __initialize_args
 .text._trace_write_semihosting_debug
                0x08000e38       0x62 ./system/src/diag/trace-impl.o
 .text.trace_write
                0x08000e9a        0x8 ./system/src/diag/trace-impl.o
                0x08000e9a                trace_write
 *fill*         0x08000ea2        0x2 
 .text.trace_printf
                0x08000ea4       0x34 ./system/src/diag/trace.o
                0x08000ea4                trace_printf
 .text.dumpExceptionStack
                0x08000ed8       0xf4 ./system/src/cortexm/exception-handlers.o
                0x08000ed8                dumpExceptionStack
 .text.isSemihosting
                0x08000fcc       0x20 ./system/src/cortexm/exception-handlers.o
                0x08000fcc                isSemihosting
 .text.__initialize_hardware_early
                0x08000fec       0x18 ./system/src/cortexm/initialize-hardware.o
                0x08000fec                __initialize_hardware_early
 .text.SystemInit
                0x08001004       0x10 ./system/src/cmsis/system_stm32f4xx.o
                0x08001004                SystemInit
 .text.SystemCoreClockUpdate
                0x08001014       0xa0 ./system/src/cmsis/system_stm32f4xx.o
                0x08001014                SystemCoreClockUpdate
 .text.SystemClock_Config
                0x080010b4       0xa0 ./src/initialize-hardware.o
                0x080010b4                SystemClock_Config
 .text.__initialize_hardware
                0x08001154       0x10 ./src/initialize-hardware.o
                0x08001154                __initialize_hardware
 .text.assert_failed
                0x08001164       0x14 ./src/initialize-hardware.o
                0x08001164                assert_failed
 .text.SysTick_TimeTick_Callback
                0x08001178       0x34 ./src/main.o
                0x08001178                SysTick_TimeTick_Callback
 .text.ButtonRead
                0x080011ac        0x2 ./src/main.o
                0x080011ac                ButtonRead
 .text.process_for_debouncing
                0x080011ae        0x2 ./src/main.o
                0x080011ae                process_for_debouncing
 .text.main     0x080011b0       0x9c ./src/main.o
                0x080011b0                main
 .text.protimer_state_handler_idle
                0x0800124c       0x54 ./src/pro_timer.o
                0x0800124c                protimer_state_handler_idle
 .text.protimer_state_handler_time_set
                0x080012a0       0x46 ./src/pro_timer.o
                0x080012a0                protimer_state_handler_time_set
 .text.protimer_state_handler_pause
                0x080012e6       0x4a ./src/pro_timer.o
                0x080012e6                protimer_state_handler_pause
 .text.protimer_state_handler_countdown
                0x08001330       0x70 ./src/pro_timer.o
                0x08001330                protimer_state_handler_countdown
 .text.protimer_state_handler_stat
                0x080013a0       0x2c ./src/pro_timer.o
                0x080013a0                protimer_state_handler_stat
 .text.protimer_state_machine
                0x080013cc       0x38 ./src/pro_timer.o
                0x080013cc                protimer_state_machine
 .text.protimer_init
                0x08001404       0x18 ./src/pro_timer.o
                0x08001404                protimer_init
 .text.Event_dispatcher
                0x0800141c       0x40 ./src/pro_timer.o
                0x0800141c                Event_dispatcher
 .text.HAL_MspInit
                0x0800145c        0x2 ./src/stm32f4xx_hal_msp.o
                0x0800145c                HAL_MspInit
 *fill*         0x0800145e        0x2 
 .text.Timer_Registering_Function
                0x08001460        0xc ./src/timer.o
                0x08001460                Timer_Registering_Function
 .text.SysTick_Timer_Configuration
                0x0800146c       0x12 ./src/timer.o
                0x0800146c                SysTick_Timer_Configuration
 *fill*         0x0800147e        0x2 
 .text.SysTick_Handler
                0x08001480       0x10 ./src/timer.o
                0x08001480                SysTick_Handler
 .text          0x08001490       0x30 /Applications/ArmGNUToolchain/13.2.Rel1/arm-none-eabi/bin/../lib/gcc/arm-none-eabi/13.2.1/thumb/v7e-m/nofp/libgcc.a(_aeabi_uldivmod.o)
                0x08001490                __aeabi_uldivmod
 .text.__udivmoddi4
                0x080014c0      0x2bc /Applications/ArmGNUToolchain/13.2.Rel1/arm-none-eabi/bin/../lib/gcc/arm-none-eabi/13.2.1/thumb/v7e-m/nofp/libgcc.a(_udivmoddi4.o)
                0x080014c0                __udivmoddi4
 .text          0x0800177c        0x4 /Applications/ArmGNUToolchain/13.2.Rel1/arm-none-eabi/bin/../lib/gcc/arm-none-eabi/13.2.1/thumb/v7e-m/nofp/libgcc.a(_dvmd_tls.o)
                0x0800177c                __aeabi_ldiv0
                0x0800177c                __aeabi_idiv0
 .text._vsnprintf_r
                0x08001780       0x56 /Applications/ArmGNUToolchain/13.2.Rel1/arm-none-eabi/bin/../lib/gcc/arm-none-eabi/13.2.1/../../../../arm-none-eabi/lib/thumb/v7e-m/nofp/libg_nano.a(libc_a-vsnprintf.o)
                0x08001780                _vsnprintf_r
                0x08001780                _vsniprintf_r
 *fill*         0x080017d6        0x2 
 .text.vsnprintf
                0x080017d8       0x1c /Applications/ArmGNUToolchain/13.2.Rel1/arm-none-eabi/bin/../lib/gcc/arm-none-eabi/13.2.1/../../../../arm-none-eabi/lib/thumb/v7e-m/nofp/libg_nano.a(libc_a-vsnprintf.o)
                0x080017d8                vsnprintf
                0x080017d8                vsniprintf
 .text.__errno  0x080017f4        0xc /Applications/ArmGNUToolchain/13.2.Rel1/arm-none-eabi/bin/../lib/gcc/arm-none-eabi/13.2.1/../../../../arm-none-eabi/lib/thumb/v7e-m/nofp/libg_nano.a(libc_a-errno.o)
                0x080017f4                __errno
 .text.__ssputs_r
                0x08001800       0xb6 /Applications/ArmGNUToolchain/13.2.Rel1/arm-none-eabi/bin/../lib/gcc/arm-none-eabi/13.2.1/../../../../arm-none-eabi/lib/thumb/v7e-m/nofp/libg_nano.a(libc_a-nano-svfprintf.o)
                0x08001800                __ssputs_r
 *fill*         0x080018b6        0x2 
 .text._svfprintf_r
                0x080018b8      0x1f8 /Applications/ArmGNUToolchain/13.2.Rel1/arm-none-eabi/bin/../lib/gcc/arm-none-eabi/13.2.1/../../../../arm-none-eabi/lib/thumb/v7e-m/nofp/libg_nano.a(libc_a-nano-svfprintf.o)
                0x080018b8                _svfprintf_r
                0x080018b8                _svfiprintf_r
 .text.sbrk_aligned
                0x08001ab0       0x44 /Applications/ArmGNUToolchain/13.2.Rel1/arm-none-eabi/bin/../lib/gcc/arm-none-eabi/13.2.1/../../../../arm-none-eabi/lib/thumb/v7e-m/nofp/libg_nano.a(libc_a-mallocr.o)
 .text._malloc_r
                0x08001af4      0x100 /Applications/ArmGNUToolchain/13.2.Rel1/arm-none-eabi/bin/../lib/gcc/arm-none-eabi/13.2.1/../../../../arm-none-eabi/lib/thumb/v7e-m/nofp/libg_nano.a(libc_a-mallocr.o)
                0x08001af4                _malloc_r
 .text._printf_common
                0x08001bf4       0xda /Applications/ArmGNUToolchain/13.2.Rel1/arm-none-eabi/bin/../lib/gcc/arm-none-eabi/13.2.1/../../../../arm-none-eabi/lib/thumb/v7e-m/nofp/libg_nano.a(libc_a-nano-vfprintf_i.o)
                0x08001bf4                _printf_common
 *fill*         0x08001cce        0x2 
 .text._printf_i
                0x08001cd0      0x23c /Applications/ArmGNUToolchain/13.2.Rel1/arm-none-eabi/bin/../lib/gcc/arm-none-eabi/13.2.1/../../../../arm-none-eabi/lib/thumb/v7e-m/nofp/libg_nano.a(libc_a-nano-vfprintf_i.o)
                0x08001cd0                _printf_i
 .text.__malloc_lock
                0x08001f0c        0xc /Applications/ArmGNUToolchain/13.2.Rel1/arm-none-eabi/bin/../lib/gcc/arm-none-eabi/13.2.1/../../../../arm-none-eabi/lib/thumb/v7e-m/nofp/libg_nano.a(libc_a-mlock.o)
                0x08001f0c                __malloc_lock
 .text.__malloc_unlock
                0x08001f18        0xc /Applications/ArmGNUToolchain/13.2.Rel1/arm-none-eabi/bin/../lib/gcc/arm-none-eabi/13.2.1/../../../../arm-none-eabi/lib/thumb/v7e-m/nofp/libg_nano.a(libc_a-mlock.o)
                0x08001f18                __malloc_unlock
 .text._realloc_r
                0x08001f24       0x5c /Applications/ArmGNUToolchain/13.2.Rel1/arm-none-eabi/bin/../lib/gcc/arm-none-eabi/13.2.1/../../../../arm-none-eabi/lib/thumb/v7e-m/nofp/libg_nano.a(libc_a-reallocr.o)
                0x08001f24                _realloc_r
 .text.memmove  0x08001f80       0x34 /Applications/ArmGNUToolchain/13.2.Rel1/arm-none-eabi/bin/../lib/gcc/arm-none-eabi/13.2.1/../../../../arm-none-eabi/lib/thumb/v7e-m/nofp/libg_nano.a(libc_a-memmove.o)
                0x08001f80                memmove
 .text._sbrk_r  0x08001fb4       0x20 /Applications/ArmGNUToolchain/13.2.Rel1/arm-none-eabi/bin/../lib/gcc/arm-none-eabi/13.2.1/../../../../arm-none-eabi/lib/thumb/v7e-m/nofp/libg_nano.a(libc_a-sbrkr.o)
                0x08001fb4                _sbrk_r
 .text.__retarget_lock_acquire_recursive
                0x08001fd4        0x2 /Applications/ArmGNUToolchain/13.2.Rel1/arm-none-eabi/bin/../lib/gcc/arm-none-eabi/13.2.1/../../../../arm-none-eabi/lib/thumb/v7e-m/nofp/libg_nano.a(libc_a-lock.o)
                0x08001fd4                __retarget_lock_acquire_recursive
 .text.__retarget_lock_release_recursive
                0x08001fd6        0x2 /Applications/ArmGNUToolchain/13.2.Rel1/arm-none-eabi/bin/../lib/gcc/arm-none-eabi/13.2.1/../../../../arm-none-eabi/lib/thumb/v7e-m/nofp/libg_nano.a(libc_a-lock.o)
                0x08001fd6                __retarget_lock_release_recursive
 *fill*         0x08001fd8        0x8 
 .text          0x08001fe0       0xa0 /Applications/ArmGNUToolchain/13.2.Rel1/arm-none-eabi/bin/../lib/gcc/arm-none-eabi/13.2.1/../../../../arm-none-eabi/lib/thumb/v7e-m/nofp/libg_nano.a(libc_a-memchr.o)
                0x08001fe0                memchr
 .text.memcpy   0x08002080       0x1c /Applications/ArmGNUToolchain/13.2.Rel1/arm-none-eabi/bin/../lib/gcc/arm-none-eabi/13.2.1/../../../../arm-none-eabi/lib/thumb/v7e-m/nofp/libg_nano.a(libc_a-memcpy-stub.o)
                0x08002080                memcpy
 .text._free_r  0x0800209c       0x94 /Applications/ArmGNUToolchain/13.2.Rel1/arm-none-eabi/bin/../lib/gcc/arm-none-eabi/13.2.1/../../../../arm-none-eabi/lib/thumb/v7e-m/nofp/libg_nano.a(libc_a-freer.o)
                0x0800209c                _free_r
 .text._malloc_usable_size_r
                0x08002130       0x10 /Applications/ArmGNUToolchain/13.2.Rel1/arm-none-eabi/bin/../lib/gcc/arm-none-eabi/13.2.1/../../../../arm-none-eabi/lib/thumb/v7e-m/nofp/libg_nano.a(libc_a-msizer.o)
                0x08002130                _malloc_usable_size_r
 *(.rodata .rodata.* .constdata .constdata.*)
 .rodata.HAL_NVIC_SetPriorityGrouping.str1.4
                0x08002140      0x1d9 ./system/src/stm32f4-hal/stm32f4xx_hal_cortex.o
                                 0x31 (size before relaxing)
 .rodata.HAL_RCC_OscConfig.str1.4
                0x08002319       0x2e ./system/src/stm32f4-hal/stm32f4xx_hal_rcc.o
 .rodata.dumpExceptionStack.str1.4
                0x08002319      0x11a ./system/src/cortexm/exception-handlers.o
 .rodata.str1.4
                0x08002319       0x2a ./system/src/cortexm/exception-handlers.o
 *fill*         0x08002319        0x3 
 .rodata.AHBPrescTable
                0x0800231c       0x10 ./system/src/cmsis/system_stm32f4xx.o
                0x0800231c                AHBPrescTable
 .rodata.assert_failed.str1.4
                0x0800232c       0x2d ./src/initialize-hardware.o
 .rodata._svfprintf_r.str1.1
                0x0800232c       0x33 /Applications/ArmGNUToolchain/13.2.Rel1/arm-none-eabi/bin/../lib/gcc/arm-none-eabi/13.2.1/../../../../arm-none-eabi/lib/thumb/v7e-m/nofp/libg_nano.a(libc_a-nano-svfprintf.o)
                                 0x11 (size before relaxing)
 .rodata._printf_i.str1.1
                0x0800235f       0x22 /Applications/ArmGNUToolchain/13.2.Rel1/arm-none-eabi/bin/../lib/gcc/arm-none-eabi/13.2.1/../../../../arm-none-eabi/lib/thumb/v7e-m/nofp/libg_nano.a(libc_a-nano-vfprintf_i.o)
 *(vtable)
 *(.eh_frame*)
 *fill*         0x0800235f        0x1 
 .eh_frame      0x08002360       0x28 /Applications/ArmGNUToolchain/13.2.Rel1/arm-none-eabi/bin/../lib/gcc/arm-none-eabi/13.2.1/../../../../arm-none-eabi/lib/thumb/v7e-m/nofp/libg_nano.a(libc_a-strlen.o)
 .eh_frame      0x08002388       0x50 /Applications/ArmGNUToolchain/13.2.Rel1/arm-none-eabi/bin/../lib/gcc/arm-none-eabi/13.2.1/../../../../arm-none-eabi/lib/thumb/v7e-m/nofp/libg_nano.a(libc_a-memchr.o)
 *(.glue_7)
 .glue_7        0x080023d8        0x0 linker stubs
 *(.glue_7t)
 .glue_7t       0x080023d8        0x0 linker stubs

.vfp11_veneer   0x080023d8        0x0
 .vfp11_veneer  0x080023d8        0x0 linker stubs

.v4_bx          0x080023d8        0x0
 .v4_bx         0x080023d8        0x0 linker stubs

.iplt           0x080023d8        0x0
 .iplt          0x080023d8        0x0 ./system/src/stm32f4-hal/stm32f4xx_hal.o

.ARM.extab
 *(.ARM.extab* .gnu.linkonce.armextab.*)
                0x080023d8                        . = ALIGN (0x4)
                0x080023d8                        __exidx_start = .

.ARM.exidx      0x080023d8        0x8
 *(.ARM.exidx* .gnu.linkonce.armexidx.*)
 .ARM.exidx.text.__udivmoddi4
                0x080023d8        0x8 /Applications/ArmGNUToolchain/13.2.Rel1/arm-none-eabi/bin/../lib/gcc/arm-none-eabi/13.2.1/thumb/v7e-m/nofp/libgcc.a(_udivmoddi4.o)
 .ARM.exidx     0x080023e0        0x0 /Applications/ArmGNUToolchain/13.2.Rel1/arm-none-eabi/bin/../lib/gcc/arm-none-eabi/13.2.1/../../../../arm-none-eabi/lib/thumb/v7e-m/nofp/libg_nano.a(libc_a-memchr.o)
                                  0x8 (size before relaxing)
                0x080023e0                        __exidx_end = .

.rel.dyn        0x080023e0        0x0
 .rel.iplt      0x080023e0        0x0 ./system/src/stm32f4-hal/stm32f4xx_hal.o
                0x080023e0                        . = ALIGN (0x4)
                0x080023e0                        _etext = .
                0x080023e0                        __etext = .

.data_CCMRAM    0x10000000        0x0 load address 0x080023e0
 FILL mask 0xff
 *(.data.CCMRAM .data.CCMRAM.*)
                0x10000000                        . = ALIGN (0x4)
                0x080023e0                        _sidata = LOADADDR (.data)

.data           0x20000000       0x6c load address 0x080023e0
 FILL mask 0xff
                0x20000000                        _sdata = .
                0x20000000                        __data_start__ = .
 *(.data_begin .data_begin.*)
 .data_begin    0x20000000        0x4 ./system/src/newlib/startup.o
 *(.data .data.*)
 .data.uwTickFreq
                0x20000004        0x1 ./system/src/stm32f4-hal/stm32f4xx_hal.o
                0x20000004                uwTickFreq
 *fill*         0x20000005        0x3 ff
 .data.uwTickPrio
                0x20000008        0x4 ./system/src/stm32f4-hal/stm32f4xx_hal.o
                0x20000008                uwTickPrio
 .data.argv.1   0x2000000c        0x8 ./system/src/newlib/syscalls.o
 .data.SystemCoreClock
                0x20000014        0x4 ./system/src/cmsis/system_stm32f4xx.o
                0x20000014                SystemCoreClock
 .data._impure_ptr
                0x20000018        0x4 /Applications/ArmGNUToolchain/13.2.Rel1/arm-none-eabi/bin/../lib/gcc/arm-none-eabi/13.2.1/../../../../arm-none-eabi/lib/thumb/v7e-m/nofp/libg_nano.a(libc_a-impure.o)
                0x20000018                _impure_ptr
 .data._impure_data
                0x2000001c       0x4c /Applications/ArmGNUToolchain/13.2.Rel1/arm-none-eabi/bin/../lib/gcc/arm-none-eabi/13.2.1/../../../../arm-none-eabi/lib/thumb/v7e-m/nofp/libg_nano.a(libc_a-impure.o)
                0x2000001c                _impure_data
 *(.data_end .data_end.*)
 .data_end      0x20000068        0x4 ./system/src/newlib/startup.o
                0x2000006c                        . = ALIGN (0x4)
                0x2000006c                        _edata = .
                0x2000006c                        __data_end__ = .

.igot.plt       0x2000006c        0x0 load address 0x0800244c
 .igot.plt      0x2000006c        0x0 ./system/src/stm32f4-hal/stm32f4xx_hal.o

.bss_CCMRAM     0x10000000        0x0
 *(.bss.CCMRAM .bss.CCMRAM.*)

.bss            0x2000006c       0xb4
                0x2000006c                        __bss_start__ = .
                0x2000006c                        _sbss = .
 *(.bss_begin .bss_begin.*)
 .bss_begin     0x2000006c        0x4 ./system/src/newlib/startup.o
 *(.bss .bss.*)
 .bss.uwTick    0x20000070        0x4 ./system/src/stm32f4-hal/stm32f4xx_hal.o
                0x20000070                uwTick
 .bss.current_heap_end.0
                0x20000074        0x4 ./system/src/newlib/sbrk.o
 .bss.name.0    0x20000078        0x1 ./system/src/newlib/syscalls.o
 *fill*         0x20000079        0x3 
 .bss.errno     0x2000007c        0x4 ./system/src/newlib/syscalls.o
                0x2000007c                errno
 .bss.buf.0     0x20000080       0x80 ./system/src/diag/trace.o
 .bss.tick_event
                0x20000100        0x2 ./src/main.o
                0x20000100                tick_event
 *fill*         0x20000102        0x2 
 .bss.user_event
                0x20000104        0x1 ./src/main.o
                0x20000104                user_event
 *fill*         0x20000105        0x3 
 .bss.protimer_obj
                0x20000108        0x4 ./src/main.o
                0x20000108                protimer_obj
 .bss.Timer_fptr
                0x2000010c        0x4 ./src/timer.o
                0x2000010c                Timer_fptr
 .bss.__malloc_sbrk_start
                0x20000110        0x4 /Applications/ArmGNUToolchain/13.2.Rel1/arm-none-eabi/bin/../lib/gcc/arm-none-eabi/13.2.1/../../../../arm-none-eabi/lib/thumb/v7e-m/nofp/libg_nano.a(libc_a-mallocr.o)
                0x20000110                __malloc_sbrk_start
 .bss.__malloc_free_list
                0x20000114        0x4 /Applications/ArmGNUToolchain/13.2.Rel1/arm-none-eabi/bin/../lib/gcc/arm-none-eabi/13.2.1/../../../../arm-none-eabi/lib/thumb/v7e-m/nofp/libg_nano.a(libc_a-mallocr.o)
                0x20000114                __malloc_free_list
 .bss.__lock___malloc_recursive_mutex
                0x20000118        0x1 /Applications/ArmGNUToolchain/13.2.Rel1/arm-none-eabi/bin/../lib/gcc/arm-none-eabi/13.2.1/../../../../arm-none-eabi/lib/thumb/v7e-m/nofp/libg_nano.a(libc_a-lock.o)
                0x20000118                __lock___malloc_recursive_mutex
 *(COMMON)
 *(.bss_end .bss_end.*)
 *fill*         0x20000119        0x3 
 .bss_end       0x2000011c        0x4 ./system/src/newlib/startup.o
                0x20000120                        . = ALIGN (0x4)
                0x20000120                        __bss_end__ = .
                0x20000120                        _ebss = .

.noinit_CCMRAM
 *(.noinit.CCMRAM .noinit.CCMRAM.*)

.noinit         0x20000120        0x0
                0x20000120                        _noinit = .
 *(.noinit .noinit.*)
                0x20000120                        . = ALIGN (0x4)
                0x20000120                        _end_noinit = .
                [!provide]                        PROVIDE (end = _end_noinit)
                [!provide]                        PROVIDE (_end = _end_noinit)
                [!provide]                        PROVIDE (__end = _end_noinit)
                [!provide]                        PROVIDE (__end__ = _end_noinit)

._check_stack   0x20000120      0x100
                0x20000220                        . = (. + _Minimum_Stack_Size)
 *fill*         0x20000120      0x100 

.b1text
 *(.b1text)
 *(.b1rodata)
 *(.b1rodata.*)

.eb0text
 *(.eb0text)
 *(.eb0rodata)
 *(.eb0rodata.*)

.eb1text
 *(.eb1text)
 *(.eb1rodata)
 *(.eb1rodata.*)

.eb2text
 *(.eb2text)
 *(.eb2rodata)
 *(.eb2rodata.*)

.eb3text
 *(.eb3text)
 *(.eb3rodata)
 *(.eb3rodata.*)

.stab
 *(.stab)

.stabstr
 *(.stabstr)

.stab.excl
 *(.stab.excl)

.stab.exclstr
 *(.stab.exclstr)

.stab.index
 *(.stab.index)

.stab.indexstr
 *(.stab.indexstr)

.comment        0x00000000       0x44
 *(.comment)
 .comment       0x00000000       0x44 ./system/src/stm32f4-hal/stm32f4xx_hal.o
                                 0x45 (size before relaxing)
 .comment       0x00000044       0x45 ./system/src/stm32f4-hal/stm32f4xx_hal_cortex.o
 .comment       0x00000044       0x45 ./system/src/stm32f4-hal/stm32f4xx_hal_rcc.o
 .comment       0x00000044       0x45 ./system/src/newlib/exit.o
 .comment       0x00000044       0x45 ./system/src/newlib/sbrk.o
 .comment       0x00000044       0x45 ./system/src/newlib/startup.o
 .comment       0x00000044       0x45 ./system/src/newlib/syscalls.o
 .comment       0x00000044       0x45 ./system/src/diag/trace-impl.o
 .comment       0x00000044       0x45 ./system/src/diag/trace.o
 .comment       0x00000044       0x45 ./system/src/cortexm/exception-handlers.o
 .comment       0x00000044       0x45 ./system/src/cortexm/initialize-hardware.o
 .comment       0x00000044       0x45 ./system/src/cmsis/system_stm32f4xx.o
 .comment       0x00000044       0x45 ./system/src/cmsis/vectors_stm32f407xx.o
 .comment       0x00000044       0x45 ./src/initialize-hardware.o
 .comment       0x00000044       0x45 ./src/main.o
 .comment       0x00000044       0x45 ./src/pro_timer.o
 .comment       0x00000044       0x45 ./src/stm32f4xx_hal_msp.o
 .comment       0x00000044       0x45 ./src/timer.o

.ARM.attributes
                0x00000000       0x2c
 .ARM.attributes
                0x00000000       0x2e ./system/src/stm32f4-hal/stm32f4xx_hal.o
 .ARM.attributes
                0x0000002e       0x2e ./system/src/stm32f4-hal/stm32f4xx_hal_cortex.o
 .ARM.attributes
                0x0000005c       0x2e ./system/src/stm32f4-hal/stm32f4xx_hal_rcc.o
 .ARM.attributes
                0x0000008a       0x2e ./system/src/newlib/exit.o
 .ARM.attributes
                0x000000b8       0x2e ./system/src/newlib/sbrk.o
 .ARM.attributes
                0x000000e6       0x2e ./system/src/newlib/startup.o
 .ARM.attributes
                0x00000114       0x2e ./system/src/newlib/syscalls.o
 .ARM.attributes
                0x00000142       0x2e ./system/src/diag/trace-impl.o
 .ARM.attributes
                0x00000170       0x2e ./system/src/diag/trace.o
 .ARM.attributes
                0x0000019e       0x2e ./system/src/cortexm/exception-handlers.o
 .ARM.attributes
                0x000001cc       0x2e ./system/src/cortexm/initialize-hardware.o
 .ARM.attributes
                0x000001fa       0x2e ./system/src/cmsis/system_stm32f4xx.o
 .ARM.attributes
                0x00000228       0x2e ./system/src/cmsis/vectors_stm32f407xx.o
 .ARM.attributes
                0x00000256       0x2e ./src/initialize-hardware.o
 .ARM.attributes
                0x00000284       0x2e ./src/main.o
 .ARM.attributes
                0x000002b2       0x2e ./src/pro_timer.o
 .ARM.attributes
                0x000002e0       0x2e ./src/stm32f4xx_hal_msp.o
 .ARM.attributes
                0x0000030e       0x2e ./src/timer.o
 .ARM.attributes
                0x0000033c       0x1e /Applications/ArmGNUToolchain/13.2.Rel1/arm-none-eabi/bin/../lib/gcc/arm-none-eabi/13.2.1/thumb/v7e-m/nofp/libgcc.a(_aeabi_uldivmod.o)
 .ARM.attributes
                0x0000035a       0x2e /Applications/ArmGNUToolchain/13.2.Rel1/arm-none-eabi/bin/../lib/gcc/arm-none-eabi/13.2.1/thumb/v7e-m/nofp/libgcc.a(_udivmoddi4.o)
 .ARM.attributes
                0x00000388       0x1e /Applications/ArmGNUToolchain/13.2.Rel1/arm-none-eabi/bin/../lib/gcc/arm-none-eabi/13.2.1/thumb/v7e-m/nofp/libgcc.a(_dvmd_tls.o)
 .ARM.attributes
                0x000003a6       0x2e /Applications/ArmGNUToolchain/13.2.Rel1/arm-none-eabi/bin/../lib/gcc/arm-none-eabi/13.2.1/../../../../arm-none-eabi/lib/thumb/v7e-m/nofp/libg_nano.a(libc_a-vsnprintf.o)
 .ARM.attributes
                0x000003d4       0x2e /Applications/ArmGNUToolchain/13.2.Rel1/arm-none-eabi/bin/../lib/gcc/arm-none-eabi/13.2.1/../../../../arm-none-eabi/lib/thumb/v7e-m/nofp/libg_nano.a(libc_a-impure.o)
 .ARM.attributes
                0x00000402       0x2e /Applications/ArmGNUToolchain/13.2.Rel1/arm-none-eabi/bin/../lib/gcc/arm-none-eabi/13.2.1/../../../../arm-none-eabi/lib/thumb/v7e-m/nofp/libg_nano.a(libc_a-errno.o)
 .ARM.attributes
                0x00000430       0x17 /Applications/ArmGNUToolchain/13.2.Rel1/arm-none-eabi/bin/../lib/gcc/arm-none-eabi/13.2.1/../../../../arm-none-eabi/lib/thumb/v7e-m/nofp/libg_nano.a(libc_a-strlen.o)
 .ARM.attributes
                0x00000447       0x2e /Applications/ArmGNUToolchain/13.2.Rel1/arm-none-eabi/bin/../lib/gcc/arm-none-eabi/13.2.1/../../../../arm-none-eabi/lib/thumb/v7e-m/nofp/libg_nano.a(libc_a-nano-svfprintf.o)
 .ARM.attributes
                0x00000475       0x2e /Applications/ArmGNUToolchain/13.2.Rel1/arm-none-eabi/bin/../lib/gcc/arm-none-eabi/13.2.1/../../../../arm-none-eabi/lib/thumb/v7e-m/nofp/libg_nano.a(libc_a-mallocr.o)
 .ARM.attributes
                0x000004a3       0x2e /Applications/ArmGNUToolchain/13.2.Rel1/arm-none-eabi/bin/../lib/gcc/arm-none-eabi/13.2.1/../../../../arm-none-eabi/lib/thumb/v7e-m/nofp/libg_nano.a(libc_a-nano-vfprintf_i.o)
 .ARM.attributes
                0x000004d1       0x2e /Applications/ArmGNUToolchain/13.2.Rel1/arm-none-eabi/bin/../lib/gcc/arm-none-eabi/13.2.1/../../../../arm-none-eabi/lib/thumb/v7e-m/nofp/libg_nano.a(libc_a-mlock.o)
 .ARM.attributes
                0x000004ff       0x2e /Applications/ArmGNUToolchain/13.2.Rel1/arm-none-eabi/bin/../lib/gcc/arm-none-eabi/13.2.1/../../../../arm-none-eabi/lib/thumb/v7e-m/nofp/libg_nano.a(libc_a-reallocr.o)
 .ARM.attributes
                0x0000052d       0x2e /Applications/ArmGNUToolchain/13.2.Rel1/arm-none-eabi/bin/../lib/gcc/arm-none-eabi/13.2.1/../../../../arm-none-eabi/lib/thumb/v7e-m/nofp/libg_nano.a(libc_a-memmove.o)
 .ARM.attributes
                0x0000055b       0x2e /Applications/ArmGNUToolchain/13.2.Rel1/arm-none-eabi/bin/../lib/gcc/arm-none-eabi/13.2.1/../../../../arm-none-eabi/lib/thumb/v7e-m/nofp/libg_nano.a(libc_a-sbrkr.o)
 .ARM.attributes
                0x00000589       0x2e /Applications/ArmGNUToolchain/13.2.Rel1/arm-none-eabi/bin/../lib/gcc/arm-none-eabi/13.2.1/../../../../arm-none-eabi/lib/thumb/v7e-m/nofp/libg_nano.a(libc_a-lock.o)
 .ARM.attributes
                0x000005b7       0x1c /Applications/ArmGNUToolchain/13.2.Rel1/arm-none-eabi/bin/../lib/gcc/arm-none-eabi/13.2.1/../../../../arm-none-eabi/lib/thumb/v7e-m/nofp/libg_nano.a(libc_a-memchr.o)
 .ARM.attributes
                0x000005d3       0x2e /Applications/ArmGNUToolchain/13.2.Rel1/arm-none-eabi/bin/../lib/gcc/arm-none-eabi/13.2.1/../../../../arm-none-eabi/lib/thumb/v7e-m/nofp/libg_nano.a(libc_a-memcpy-stub.o)
 .ARM.attributes
                0x00000601       0x2e /Applications/ArmGNUToolchain/13.2.Rel1/arm-none-eabi/bin/../lib/gcc/arm-none-eabi/13.2.1/../../../../arm-none-eabi/lib/thumb/v7e-m/nofp/libg_nano.a(libc_a-freer.o)
 .ARM.attributes
                0x0000062f       0x2e /Applications/ArmGNUToolchain/13.2.Rel1/arm-none-eabi/bin/../lib/gcc/arm-none-eabi/13.2.1/../../../../arm-none-eabi/lib/thumb/v7e-m/nofp/libg_nano.a(libc_a-msizer.o)

.debug
 *(.debug)

.line
 *(.line)

.debug_srcinfo
 *(.debug_srcinfo)

.debug_sfnames
 *(.debug_sfnames)

.debug_aranges  0x00000000      0x5d8
 *(.debug_aranges)
 .debug_aranges
                0x00000000       0xf0 ./system/src/stm32f4-hal/stm32f4xx_hal.o
 .debug_aranges
                0x000000f0       0xd8 ./system/src/stm32f4-hal/stm32f4xx_hal_cortex.o
 .debug_aranges
                0x000001c8       0x88 ./system/src/stm32f4-hal/stm32f4xx_hal_rcc.o
 .debug_aranges
                0x00000250       0x28 ./system/src/newlib/exit.o
 .debug_aranges
                0x00000278       0x20 ./system/src/newlib/sbrk.o
 .debug_aranges
                0x00000298       0x40 ./system/src/newlib/startup.o
 .debug_aranges
                0x000002d8       0x30 ./system/src/newlib/syscalls.o
 .debug_aranges
                0x00000308       0x30 ./system/src/diag/trace-impl.o
 .debug_aranges
                0x00000338       0x38 ./system/src/diag/trace.o
 .debug_aranges
                0x00000370       0x90 ./system/src/cortexm/exception-handlers.o
 .debug_aranges
                0x00000400       0x28 ./system/src/cortexm/initialize-hardware.o
 .debug_aranges
                0x00000428       0x28 ./system/src/cmsis/system_stm32f4xx.o
 .debug_aranges
                0x00000450       0x20 ./system/src/cmsis/vectors_stm32f407xx.o
 .debug_aranges
                0x00000470       0x30 ./src/initialize-hardware.o
 .debug_aranges
                0x000004a0       0x50 ./src/main.o
 .debug_aranges
                0x000004f0       0x78 ./src/pro_timer.o
 .debug_aranges
                0x00000568       0x38 ./src/stm32f4xx_hal_msp.o
 .debug_aranges
                0x000005a0       0x38 ./src/timer.o

.debug_pubnames
 *(.debug_pubnames)

.debug_info     0x00000000     0x5c25
 *(.debug_info .gnu.linkonce.wi.*)
 .debug_info    0x00000000      0xa2a ./system/src/stm32f4-hal/stm32f4xx_hal.o
 .debug_info    0x00000a2a     0x11f0 ./system/src/stm32f4-hal/stm32f4xx_hal_cortex.o
 .debug_info    0x00001c1a      0xcee ./system/src/stm32f4-hal/stm32f4xx_hal_rcc.o
 .debug_info    0x00002908      0x104 ./system/src/newlib/exit.o
 .debug_info    0x00002a0c      0x10f ./system/src/newlib/sbrk.o
 .debug_info    0x00002b1b      0x54f ./system/src/newlib/startup.o
 .debug_info    0x0000306a      0x1c3 ./system/src/newlib/syscalls.o
 .debug_info    0x0000322d      0x325 ./system/src/diag/trace-impl.o
 .debug_info    0x00003552      0x34b ./system/src/diag/trace.o
 .debug_info    0x0000389d      0x91e ./system/src/cortexm/exception-handlers.o
 .debug_info    0x000041bb      0x278 ./system/src/cortexm/initialize-hardware.o
 .debug_info    0x00004433      0x511 ./system/src/cmsis/system_stm32f4xx.o
 .debug_info    0x00004944      0x10b ./system/src/cmsis/vectors_stm32f407xx.o
 .debug_info    0x00004a4f      0x59c ./src/initialize-hardware.o
 .debug_info    0x00004feb      0x496 ./src/main.o
 .debug_info    0x00005481      0x58b ./src/pro_timer.o
 .debug_info    0x00005a0c       0xb8 ./src/stm32f4xx_hal_msp.o
 .debug_info    0x00005ac4      0x161 ./src/timer.o

.debug_abbrev   0x00000000     0x1e14
 *(.debug_abbrev)
 .debug_abbrev  0x00000000      0x248 ./system/src/stm32f4-hal/stm32f4xx_hal.o
 .debug_abbrev  0x00000248      0x400 ./system/src/stm32f4-hal/stm32f4xx_hal_cortex.o
 .debug_abbrev  0x00000648      0x2dd ./system/src/stm32f4-hal/stm32f4xx_hal_rcc.o
 .debug_abbrev  0x00000925       0xc5 ./system/src/newlib/exit.o
 .debug_abbrev  0x000009ea       0xcc ./system/src/newlib/sbrk.o
 .debug_abbrev  0x00000ab6      0x25a ./system/src/newlib/startup.o
 .debug_abbrev  0x00000d10      0x118 ./system/src/newlib/syscalls.o
 .debug_abbrev  0x00000e28      0x1e6 ./system/src/diag/trace-impl.o
 .debug_abbrev  0x0000100e      0x184 ./system/src/diag/trace.o
 .debug_abbrev  0x00001192      0x28c ./system/src/cortexm/exception-handlers.o
 .debug_abbrev  0x0000141e      0x105 ./system/src/cortexm/initialize-hardware.o
 .debug_abbrev  0x00001523      0x121 ./system/src/cmsis/system_stm32f4xx.o
 .debug_abbrev  0x00001644       0xb8 ./system/src/cmsis/vectors_stm32f407xx.o
 .debug_abbrev  0x000016fc      0x216 ./src/initialize-hardware.o
 .debug_abbrev  0x00001912      0x1bc ./src/main.o
 .debug_abbrev  0x00001ace      0x1c6 ./src/pro_timer.o
 .debug_abbrev  0x00001c94       0x47 ./src/stm32f4xx_hal_msp.o
 .debug_abbrev  0x00001cdb      0x139 ./src/timer.o

.debug_line     0x00000000     0x962c
 *(.debug_line)
 .debug_line    0x00000000      0xbbf ./system/src/stm32f4-hal/stm32f4xx_hal.o
 .debug_line    0x00000bbf      0xf99 ./system/src/stm32f4-hal/stm32f4xx_hal_cortex.o
 .debug_line    0x00001b58     0x12d8 ./system/src/stm32f4-hal/stm32f4xx_hal_rcc.o
 .debug_line    0x00002e30      0x35a ./system/src/newlib/exit.o
 .debug_line    0x0000318a      0x357 ./system/src/newlib/sbrk.o
 .debug_line    0x000034e1      0x5c1 ./system/src/newlib/startup.o
 .debug_line    0x00003aa2      0x426 ./system/src/newlib/syscalls.o
 .debug_line    0x00003ec8      0xb95 ./system/src/diag/trace-impl.o
 .debug_line    0x00004a5d      0x43e ./system/src/diag/trace.o
 .debug_line    0x00004e9b      0xd8d ./system/src/cortexm/exception-handlers.o
 .debug_line    0x00005c28      0x881 ./system/src/cortexm/initialize-hardware.o
 .debug_line    0x000064a9      0x912 ./system/src/cmsis/system_stm32f4xx.o
 .debug_line    0x00006dbb      0x10d ./system/src/cmsis/vectors_stm32f407xx.o
 .debug_line    0x00006ec8      0xb5a ./src/initialize-hardware.o
 .debug_line    0x00007a22      0x4a5 ./src/main.o
 .debug_line    0x00007ec7      0x65a ./src/pro_timer.o
 .debug_line    0x00008521      0x871 ./src/stm32f4xx_hal_msp.o
 .debug_line    0x00008d92      0x89a ./src/timer.o

.debug_frame    0x00000000     0x1004
 *(.debug_frame)
 .debug_frame   0x00000000      0x1f0 ./system/src/stm32f4-hal/stm32f4xx_hal.o
 .debug_frame   0x000001f0      0x214 ./system/src/stm32f4-hal/stm32f4xx_hal_cortex.o
 .debug_frame   0x00000404      0x16c ./system/src/stm32f4-hal/stm32f4xx_hal_rcc.o
 .debug_frame   0x00000570       0x38 ./system/src/newlib/exit.o
 .debug_frame   0x000005a8       0x28 ./system/src/newlib/sbrk.o
 .debug_frame   0x000005d0       0x7c ./system/src/newlib/startup.o
 .debug_frame   0x0000064c       0x50 ./system/src/newlib/syscalls.o
 .debug_frame   0x0000069c       0x64 ./system/src/diag/trace-impl.o
 .debug_frame   0x00000700       0x94 ./system/src/diag/trace.o
 .debug_frame   0x00000794      0x158 ./system/src/cortexm/exception-handlers.o
 .debug_frame   0x000008ec       0x40 ./system/src/cortexm/initialize-hardware.o
 .debug_frame   0x0000092c       0x30 ./system/src/cmsis/system_stm32f4xx.o
 .debug_frame   0x0000095c       0x20 ./system/src/cmsis/vectors_stm32f407xx.o
 .debug_frame   0x0000097c       0x60 ./src/initialize-hardware.o
 .debug_frame   0x000009dc       0x94 ./src/main.o
 .debug_frame   0x00000a70       0xf0 ./src/pro_timer.o
 .debug_frame   0x00000b60       0x50 ./src/stm32f4xx_hal_msp.o
 .debug_frame   0x00000bb0       0x58 ./src/timer.o
 .debug_frame   0x00000c08       0x2c /Applications/ArmGNUToolchain/13.2.Rel1/arm-none-eabi/bin/../lib/gcc/arm-none-eabi/13.2.1/thumb/v7e-m/nofp/libgcc.a(_aeabi_uldivmod.o)
 .debug_frame   0x00000c34       0x34 /Applications/ArmGNUToolchain/13.2.Rel1/arm-none-eabi/bin/../lib/gcc/arm-none-eabi/13.2.1/thumb/v7e-m/nofp/libgcc.a(_udivmoddi4.o)
 .debug_frame   0x00000c68       0x4c /Applications/ArmGNUToolchain/13.2.Rel1/arm-none-eabi/bin/../lib/gcc/arm-none-eabi/13.2.1/../../../../arm-none-eabi/lib/thumb/v7e-m/nofp/libg_nano.a(libc_a-vsnprintf.o)
 .debug_frame   0x00000cb4       0x20 /Applications/ArmGNUToolchain/13.2.Rel1/arm-none-eabi/bin/../lib/gcc/arm-none-eabi/13.2.1/../../../../arm-none-eabi/lib/thumb/v7e-m/nofp/libg_nano.a(libc_a-errno.o)
 .debug_frame   0x00000cd4       0x90 /Applications/ArmGNUToolchain/13.2.Rel1/arm-none-eabi/bin/../lib/gcc/arm-none-eabi/13.2.1/../../../../arm-none-eabi/lib/thumb/v7e-m/nofp/libg_nano.a(libc_a-nano-svfprintf.o)
 .debug_frame   0x00000d64       0x50 /Applications/ArmGNUToolchain/13.2.Rel1/arm-none-eabi/bin/../lib/gcc/arm-none-eabi/13.2.1/../../../../arm-none-eabi/lib/thumb/v7e-m/nofp/libg_nano.a(libc_a-mallocr.o)
 .debug_frame   0x00000db4       0x60 /Applications/ArmGNUToolchain/13.2.Rel1/arm-none-eabi/bin/../lib/gcc/arm-none-eabi/13.2.1/../../../../arm-none-eabi/lib/thumb/v7e-m/nofp/libg_nano.a(libc_a-nano-vfprintf_i.o)
 .debug_frame   0x00000e14       0x30 /Applications/ArmGNUToolchain/13.2.Rel1/arm-none-eabi/bin/../lib/gcc/arm-none-eabi/13.2.1/../../../../arm-none-eabi/lib/thumb/v7e-m/nofp/libg_nano.a(libc_a-mlock.o)
 .debug_frame   0x00000e44       0x3c /Applications/ArmGNUToolchain/13.2.Rel1/arm-none-eabi/bin/../lib/gcc/arm-none-eabi/13.2.1/../../../../arm-none-eabi/lib/thumb/v7e-m/nofp/libg_nano.a(libc_a-reallocr.o)
 .debug_frame   0x00000e80       0x28 /Applications/ArmGNUToolchain/13.2.Rel1/arm-none-eabi/bin/../lib/gcc/arm-none-eabi/13.2.1/../../../../arm-none-eabi/lib/thumb/v7e-m/nofp/libg_nano.a(libc_a-memmove.o)
 .debug_frame   0x00000ea8       0x2c /Applications/ArmGNUToolchain/13.2.Rel1/arm-none-eabi/bin/../lib/gcc/arm-none-eabi/13.2.1/../../../../arm-none-eabi/lib/thumb/v7e-m/nofp/libg_nano.a(libc_a-sbrkr.o)
 .debug_frame   0x00000ed4       0xb0 /Applications/ArmGNUToolchain/13.2.Rel1/arm-none-eabi/bin/../lib/gcc/arm-none-eabi/13.2.1/../../../../arm-none-eabi/lib/thumb/v7e-m/nofp/libg_nano.a(libc_a-lock.o)
 .debug_frame   0x00000f84       0x28 /Applications/ArmGNUToolchain/13.2.Rel1/arm-none-eabi/bin/../lib/gcc/arm-none-eabi/13.2.1/../../../../arm-none-eabi/lib/thumb/v7e-m/nofp/libg_nano.a(libc_a-memcpy-stub.o)
 .debug_frame   0x00000fac       0x38 /Applications/ArmGNUToolchain/13.2.Rel1/arm-none-eabi/bin/../lib/gcc/arm-none-eabi/13.2.1/../../../../arm-none-eabi/lib/thumb/v7e-m/nofp/libg_nano.a(libc_a-freer.o)
 .debug_frame   0x00000fe4       0x20 /Applications/ArmGNUToolchain/13.2.Rel1/arm-none-eabi/bin/../lib/gcc/arm-none-eabi/13.2.1/../../../../arm-none-eabi/lib/thumb/v7e-m/nofp/libg_nano.a(libc_a-msizer.o)

.debug_str      0x00000000    0xf6984
 *(.debug_str)
 .debug_str     0x00000000    0xf6984 ./system/src/stm32f4-hal/stm32f4xx_hal.o
                              0xeec72 (size before relaxing)
 .debug_str     0x000f6984    0xee992 ./system/src/stm32f4-hal/stm32f4xx_hal_cortex.o
 .debug_str     0x000f6984    0xee50b ./system/src/stm32f4-hal/stm32f4xx_hal_rcc.o
 .debug_str     0x000f6984     0x7c86 ./system/src/newlib/exit.o
 .debug_str     0x000f6984     0x7069 ./system/src/newlib/sbrk.o
 .debug_str     0x000f6984     0x677b ./system/src/newlib/startup.o
 .debug_str     0x000f6984     0x8ff8 ./system/src/newlib/syscalls.o
 .debug_str     0x000f6984    0xf1a3f ./system/src/diag/trace-impl.o
 .debug_str     0x000f6984     0x83fa ./system/src/diag/trace.o
 .debug_str     0x000f6984    0xf2d15 ./system/src/cortexm/exception-handlers.o
 .debug_str     0x000f6984    0xee007 ./system/src/cortexm/initialize-hardware.o
 .debug_str     0x000f6984    0xee0f5 ./system/src/cmsis/system_stm32f4xx.o
 .debug_str     0x000f6984     0x3a6a ./system/src/cmsis/vectors_stm32f407xx.o
 .debug_str     0x000f6984    0xf19fc ./src/initialize-hardware.o
 .debug_str     0x000f6984     0x8ff6 ./src/main.o
 .debug_str     0x000f6984     0x73fb ./src/pro_timer.o
 .debug_str     0x000f6984    0xedf47 ./src/stm32f4xx_hal_msp.o
 .debug_str     0x000f6984    0xedfd7 ./src/timer.o

.debug_loc
 *(.debug_loc)

.debug_macinfo
 *(.debug_macinfo)

.debug_weaknames
 *(.debug_weaknames)

.debug_funcnames
 *(.debug_funcnames)

.debug_typenames
 *(.debug_typenames)

.debug_varnames
 *(.debug_varnames)
OUTPUT(UML_StateMahcine.elf elf32-littlearm)
LOAD linker stubs

.debug_loclists
                0x00000000     0x186a
 .debug_loclists
                0x00000000       0xc4 ./system/src/stm32f4-hal/stm32f4xx_hal.o
 .debug_loclists
                0x000000c4      0x643 ./system/src/stm32f4-hal/stm32f4xx_hal_cortex.o
 .debug_loclists
                0x00000707      0x3e6 ./system/src/stm32f4-hal/stm32f4xx_hal_rcc.o
 .debug_loclists
                0x00000aed       0x17 ./system/src/newlib/exit.o
 .debug_loclists
                0x00000b04       0x75 ./system/src/newlib/sbrk.o
 .debug_loclists
                0x00000b79      0x2c3 ./system/src/newlib/startup.o
 .debug_loclists
                0x00000e3c       0x63 ./system/src/newlib/syscalls.o
 .debug_loclists
                0x00000e9f      0x101 ./system/src/diag/trace-impl.o
 .debug_loclists
                0x00000fa0       0xc4 ./system/src/diag/trace.o
 .debug_loclists
                0x00001064      0x227 ./system/src/cortexm/exception-handlers.o
 .debug_loclists
                0x0000128b       0xfa ./system/src/cmsis/system_stm32f4xx.o
 .debug_loclists
                0x00001385       0x54 ./src/initialize-hardware.o
 .debug_loclists
                0x000013d9       0xc9 ./src/main.o
 .debug_loclists
                0x000014a2      0x3a6 ./src/pro_timer.o
 .debug_loclists
                0x00001848       0x22 ./src/timer.o

.debug_rnglists
                0x00000000      0x49a
 .debug_rnglists
                0x00000000       0xaf ./system/src/stm32f4-hal/stm32f4xx_hal.o
 .debug_rnglists
                0x000000af       0xda ./system/src/stm32f4-hal/stm32f4xx_hal_cortex.o
 .debug_rnglists
                0x00000189       0x75 ./system/src/stm32f4-hal/stm32f4xx_hal_rcc.o
 .debug_rnglists
                0x000001fe       0x19 ./system/src/newlib/exit.o
 .debug_rnglists
                0x00000217       0x13 ./system/src/newlib/sbrk.o
 .debug_rnglists
                0x0000022a       0x50 ./system/src/newlib/startup.o
 .debug_rnglists
                0x0000027a       0x1f ./system/src/newlib/syscalls.o
 .debug_rnglists
                0x00000299       0x2b ./system/src/diag/trace-impl.o
 .debug_rnglists
                0x000002c4       0x25 ./system/src/diag/trace.o
 .debug_rnglists
                0x000002e9       0x74 ./system/src/cortexm/exception-handlers.o
 .debug_rnglists
                0x0000035d       0x19 ./system/src/cortexm/initialize-hardware.o
 .debug_rnglists
                0x00000376       0x1a ./system/src/cmsis/system_stm32f4xx.o
 .debug_rnglists
                0x00000390       0x13 ./system/src/cmsis/vectors_stm32f407xx.o
 .debug_rnglists
                0x000003a3       0x20 ./src/initialize-hardware.o
 .debug_rnglists
                0x000003c3       0x38 ./src/main.o
 .debug_rnglists
                0x000003fb       0x55 ./src/pro_timer.o
 .debug_rnglists
                0x00000450       0x25 ./src/stm32f4xx_hal_msp.o
 .debug_rnglists
                0x00000475       0x25 ./src/timer.o

.debug_macro    0x00000000    0x283b2
 .debug_macro   0x00000000      0x40d ./system/src/stm32f4-hal/stm32f4xx_hal.o
 .debug_macro   0x0000040d      0xade ./system/src/stm32f4-hal/stm32f4xx_hal.o
 .debug_macro   0x00000eeb      0x3a2 ./system/src/stm32f4-hal/stm32f4xx_hal.o
 .debug_macro   0x0000128d       0x2e ./system/src/stm32f4-hal/stm32f4xx_hal.o
 .debug_macro   0x000012bb       0x2f ./system/src/stm32f4-hal/stm32f4xx_hal.o
 .debug_macro   0x000012ea      0x34e ./system/src/stm32f4-hal/stm32f4xx_hal.o
 .debug_macro   0x00001638       0x1c ./system/src/stm32f4-hal/stm32f4xx_hal.o
 .debug_macro   0x00001654       0x22 ./system/src/stm32f4-hal/stm32f4xx_hal.o
 .debug_macro   0x00001676       0xd9 ./system/src/stm32f4-hal/stm32f4xx_hal.o
 .debug_macro   0x0000174f     0x102d ./system/src/stm32f4-hal/stm32f4xx_hal.o
 .debug_macro   0x0000277c      0x11f ./system/src/stm32f4-hal/stm32f4xx_hal.o
 .debug_macro   0x0000289b    0x15e3c ./system/src/stm32f4-hal/stm32f4xx_hal.o
 .debug_macro   0x000186d7       0x43 ./system/src/stm32f4-hal/stm32f4xx_hal.o
 .debug_macro   0x0001871a     0x3659 ./system/src/stm32f4-hal/stm32f4xx_hal.o
 .debug_macro   0x0001bd73      0x190 ./system/src/stm32f4-hal/stm32f4xx_hal.o
 .debug_macro   0x0001bf03       0x5a ./system/src/stm32f4-hal/stm32f4xx_hal.o
 .debug_macro   0x0001bf5d      0x96b ./system/src/stm32f4-hal/stm32f4xx_hal.o
 .debug_macro   0x0001c8c8      0x9fe ./system/src/stm32f4-hal/stm32f4xx_hal.o
 .debug_macro   0x0001d2c6      0x117 ./system/src/stm32f4-hal/stm32f4xx_hal.o
 .debug_macro   0x0001d3dd      0x13e ./system/src/stm32f4-hal/stm32f4xx_hal.o
 .debug_macro   0x0001d51b       0x27 ./system/src/stm32f4-hal/stm32f4xx_hal.o
 .debug_macro   0x0001d542      0x174 ./system/src/stm32f4-hal/stm32f4xx_hal.o
 .debug_macro   0x0001d6b6      0x287 ./system/src/stm32f4-hal/stm32f4xx_hal.o
 .debug_macro   0x0001d93d       0x5f ./system/src/stm32f4-hal/stm32f4xx_hal.o
 .debug_macro   0x0001d99c      0x236 ./system/src/stm32f4-hal/stm32f4xx_hal.o
 .debug_macro   0x0001dbd2      0x391 ./system/src/stm32f4-hal/stm32f4xx_hal.o
 .debug_macro   0x0001df63      0x176 ./system/src/stm32f4-hal/stm32f4xx_hal.o
 .debug_macro   0x0001e0d9       0xf9 ./system/src/stm32f4-hal/stm32f4xx_hal.o
 .debug_macro   0x0001e1d2      0x40f ./system/src/stm32f4-hal/stm32f4xx_hal.o
 .debug_macro   0x0001e5e1       0x22 ./system/src/stm32f4-hal/stm32f4xx_hal.o
 .debug_macro   0x0001e603       0xea ./system/src/stm32f4-hal/stm32f4xx_hal.o
 .debug_macro   0x0001e6ed       0xa0 ./system/src/stm32f4-hal/stm32f4xx_hal.o
 .debug_macro   0x0001e78d       0x3c ./system/src/stm32f4-hal/stm32f4xx_hal.o
 .debug_macro   0x0001e7c9       0x1f ./system/src/stm32f4-hal/stm32f4xx_hal.o
 .debug_macro   0x0001e7e8      0x1d2 ./system/src/stm32f4-hal/stm32f4xx_hal.o
 .debug_macro   0x0001e9ba      0xccf ./system/src/stm32f4-hal/stm32f4xx_hal.o
 .debug_macro   0x0001f689      0x12c ./system/src/stm32f4-hal/stm32f4xx_hal.o
 .debug_macro   0x0001f7b5      0x21e ./system/src/stm32f4-hal/stm32f4xx_hal.o
 .debug_macro   0x0001f9d3       0x2e ./system/src/stm32f4-hal/stm32f4xx_hal.o
 .debug_macro   0x0001fa01      0x543 ./system/src/stm32f4-hal/stm32f4xx_hal.o
 .debug_macro   0x0001ff44       0x88 ./system/src/stm32f4-hal/stm32f4xx_hal.o
 .debug_macro   0x0001ffcc       0xea ./system/src/stm32f4-hal/stm32f4xx_hal.o
 .debug_macro   0x000200b6      0x184 ./system/src/stm32f4-hal/stm32f4xx_hal.o
 .debug_macro   0x0002023a      0x1b5 ./system/src/stm32f4-hal/stm32f4xx_hal.o
 .debug_macro   0x000203ef       0xd6 ./system/src/stm32f4-hal/stm32f4xx_hal.o
 .debug_macro   0x000204c5      0x26b ./system/src/stm32f4-hal/stm32f4xx_hal.o
 .debug_macro   0x00020730      0x1a7 ./system/src/stm32f4-hal/stm32f4xx_hal.o
 .debug_macro   0x000208d7       0x46 ./system/src/stm32f4-hal/stm32f4xx_hal.o
 .debug_macro   0x0002091d       0x4a ./system/src/stm32f4-hal/stm32f4xx_hal.o
 .debug_macro   0x00020967       0x78 ./system/src/stm32f4-hal/stm32f4xx_hal.o
 .debug_macro   0x000209df      0x11a ./system/src/stm32f4-hal/stm32f4xx_hal.o
 .debug_macro   0x00020af9       0x7e ./system/src/stm32f4-hal/stm32f4xx_hal.o
 .debug_macro   0x00020b77       0x89 ./system/src/stm32f4-hal/stm32f4xx_hal.o
 .debug_macro   0x00020c00       0xa4 ./system/src/stm32f4-hal/stm32f4xx_hal.o
 .debug_macro   0x00020ca4      0x31a ./system/src/stm32f4-hal/stm32f4xx_hal.o
 .debug_macro   0x00020fbe      0x405 ./system/src/stm32f4-hal/stm32f4xx_hal.o
 .debug_macro   0x000213c3       0xe4 ./system/src/stm32f4-hal/stm32f4xx_hal.o
 .debug_macro   0x000214a7      0x861 ./system/src/stm32f4-hal/stm32f4xx_hal.o
 .debug_macro   0x00021d08      0x1d5 ./system/src/stm32f4-hal/stm32f4xx_hal.o
 .debug_macro   0x00021edd      0x225 ./system/src/stm32f4-hal/stm32f4xx_hal.o
 .debug_macro   0x00022102      0x8a0 ./system/src/stm32f4-hal/stm32f4xx_hal.o
 .debug_macro   0x000229a2       0x47 ./system/src/stm32f4-hal/stm32f4xx_hal.o
 .debug_macro   0x000229e9      0x287 ./system/src/stm32f4-hal/stm32f4xx_hal.o
 .debug_macro   0x00022c70      0x217 ./system/src/stm32f4-hal/stm32f4xx_hal.o
 .debug_macro   0x00022e87      0x1b5 ./system/src/stm32f4-hal/stm32f4xx_hal.o
 .debug_macro   0x0002303c      0x2db ./system/src/stm32f4-hal/stm32f4xx_hal.o
 .debug_macro   0x00023317       0x8d ./system/src/stm32f4-hal/stm32f4xx_hal.o
 .debug_macro   0x000233a4      0x21e ./system/src/stm32f4-hal/stm32f4xx_hal.o
 .debug_macro   0x000235c2       0xba ./system/src/stm32f4-hal/stm32f4xx_hal.o
 .debug_macro   0x0002367c       0x6e ./system/src/stm32f4-hal/stm32f4xx_hal.o
 .debug_macro   0x000236ea      0x1e9 ./system/src/stm32f4-hal/stm32f4xx_hal.o
 .debug_macro   0x000238d3      0x12d ./system/src/stm32f4-hal/stm32f4xx_hal.o
 .debug_macro   0x00023a00      0x3ad ./system/src/stm32f4-hal/stm32f4xx_hal_cortex.o
 .debug_macro   0x00023dad      0x3d1 ./system/src/stm32f4-hal/stm32f4xx_hal_rcc.o
 .debug_macro   0x0002417e      0x1ae ./system/src/newlib/exit.o
 .debug_macro   0x0002432c      0x163 ./system/src/newlib/sbrk.o
 .debug_macro   0x0002448f       0x10 ./system/src/newlib/sbrk.o
 .debug_macro   0x0002449f      0x23c ./system/src/newlib/sbrk.o
 .debug_macro   0x000246db      0x15f ./system/src/newlib/startup.o
 .debug_macro   0x0002483a      0xae4 ./system/src/newlib/startup.o
 .debug_macro   0x0002531e      0x239 ./system/src/newlib/syscalls.o
 .debug_macro   0x00025557       0x1c ./system/src/newlib/syscalls.o
 .debug_macro   0x00025573       0x10 ./system/src/newlib/syscalls.o
 .debug_macro   0x00025583       0x10 ./system/src/newlib/syscalls.o
 .debug_macro   0x00025593       0x10 ./system/src/newlib/syscalls.o
 .debug_macro   0x000255a3       0x35 ./system/src/newlib/syscalls.o
 .debug_macro   0x000255d8      0x12c ./system/src/newlib/syscalls.o
 .debug_macro   0x00025704       0xce ./system/src/newlib/syscalls.o
 .debug_macro   0x000257d2       0x7c ./system/src/newlib/syscalls.o
 .debug_macro   0x0002584e       0x17 ./system/src/newlib/syscalls.o
 .debug_macro   0x00025865      0x118 ./system/src/newlib/syscalls.o
 .debug_macro   0x0002597d      0x18a ./system/src/newlib/syscalls.o
 .debug_macro   0x00025b07       0x16 ./system/src/newlib/syscalls.o
 .debug_macro   0x00025b1d      0x50d ./system/src/diag/trace-impl.o
 .debug_macro   0x0002602a       0x10 ./system/src/diag/trace-impl.o
 .debug_macro   0x0002603a       0x22 ./system/src/diag/trace-impl.o
 .debug_macro   0x0002605c      0x1f4 ./system/src/diag/trace.o
 .debug_macro   0x00026250       0x16 ./system/src/diag/trace.o
 .debug_macro   0x00026266       0x9e ./system/src/diag/trace.o
 .debug_macro   0x00026304      0x112 ./system/src/diag/trace.o
 .debug_macro   0x00026416       0x10 ./system/src/diag/trace.o
 .debug_macro   0x00026426       0x16 ./system/src/diag/trace.o
 .debug_macro   0x0002643c       0x16 ./system/src/diag/trace.o
 .debug_macro   0x00026452      0x170 ./system/src/diag/trace.o
 .debug_macro   0x000265c2       0x4c ./system/src/diag/trace.o
 .debug_macro   0x0002660e       0xc1 ./system/src/diag/trace.o
 .debug_macro   0x000266cf       0x16 ./system/src/diag/trace.o
 .debug_macro   0x000266e5      0x56b ./system/src/cortexm/exception-handlers.o
 .debug_macro   0x00026c50       0x10 ./system/src/cortexm/exception-handlers.o
 .debug_macro   0x00026c60      0x3b7 ./system/src/cortexm/initialize-hardware.o
 .debug_macro   0x00027017      0x3b3 ./system/src/cmsis/system_stm32f4xx.o
 .debug_macro   0x000273ca       0x34 ./system/src/cmsis/vectors_stm32f407xx.o
 .debug_macro   0x000273fe      0x4f2 ./src/initialize-hardware.o
 .debug_macro   0x000278f0      0x245 ./src/main.o
 .debug_macro   0x00027b35      0x117 ./src/pro_timer.o
 .debug_macro   0x00027c4c      0x3ad ./src/stm32f4xx_hal_msp.o
 .debug_macro   0x00027ff9      0x3b9 ./src/timer.o

.debug_line_str
                0x00000000      0x1d5
 .debug_line_str
                0x00000000      0x1d5 /Applications/ArmGNUToolchain/13.2.Rel1/arm-none-eabi/bin/../lib/gcc/arm-none-eabi/13.2.1/thumb/v7e-m/nofp/libgcc.a(_aeabi_uldivmod.o)
                                 0xcf (size before relaxing)
 .debug_line_str
                0x000001d5       0xd3 /Applications/ArmGNUToolchain/13.2.Rel1/arm-none-eabi/bin/../lib/gcc/arm-none-eabi/13.2.1/thumb/v7e-m/nofp/libgcc.a(_dvmd_tls.o)
 .debug_line_str
                0x000001d5       0xf1 /Applications/ArmGNUToolchain/13.2.Rel1/arm-none-eabi/bin/../lib/gcc/arm-none-eabi/13.2.1/../../../../arm-none-eabi/lib/thumb/v7e-m/nofp/libg_nano.a(libc_a-strlen.o)
 .debug_line_str
                0x000001d5       0xe7 /Applications/ArmGNUToolchain/13.2.Rel1/arm-none-eabi/bin/../lib/gcc/arm-none-eabi/13.2.1/../../../../arm-none-eabi/lib/thumb/v7e-m/nofp/libg_nano.a(libc_a-memchr.o)
